// Jest Snapshot v1, https://goo.gl/fbAQLP

exports[`BadScrollExample Component matches snapshot 1`] = `
<View
  style={
    {
      "alignItems": "center",
      "flex": 1,
      "justifyContent": "center",
    }
  }
  testID="loading-indicator"
>
  <View>
    <Text>
      Loading items...
    </Text>
  </View>
</View>
`;
